BlenderMCP addon registered
[builtins] bath extras done (shower sets / niches / paper holder / stool)
[builtins] built=44 skipped_m3=70
[furniture] built=66 skipped=4
[furniture] extras done
[materials] applied by role: 1600 assigned, 0 missing role
[materials] appendix-A walnut reduced: 49 slots (01->cabinet_white:6 01->cabinet_white:4 01->cabinet_white:8 01->cabinet_white:4 01->cabinet_white:8 01->fabric_oat:1 01->cabinet_white:8 01->cabinet_white:1 01->fabric_oat:1 ->cabinet_white:8)
[lighting] done
02:19:18 | INFO: Data are loaded, start creating Blender stuff
02:19:18 | INFO: Blender create Mesh node tree.016
02:19:31 | INFO: glTF import finished in 12.52s
02:21:26 | INFO: Data are loaded, start creating Blender stuff
02:21:26 | INFO: Blender create Mesh node BezierCurve.002
02:21:30 | INFO: glTF import finished in 4.32s
[lighting] outdoor env done
[build] variant groups: kitchen_lower_olive=16 son_blue=21
[build] ceiling_mounted tagged: 80
Info: Saved as "jiangyu.blend"
[build] scheme sweep: common=1278 A=139 B=273 bad=0 
[build] device=GPU objects=1836 faces=7533482 cameras=30
[build] saved D:\ClaudeCodeProject2026\jiangyu-render\blend\jiangyu.blend
BlenderMCP addon unregistered
Blender 4.5.10 LTS (hash 6dc0b208d1b5 built 2026-05-19 01:33:42)

Blender quit
